============================= test session starts =============================
platform win32 -- Python 3.13.7, pytest-9.0.2, pluggy-1.6.0 -- C:\Python313\python.exe
cachedir: .pytest_cache
rootdir: D:\Ai Projects\GitHub\First-Stage-SVG
plugins: anyio-4.11.0
collecting ... collected 7 items

tests/test_contours.py::test_extract_contours_runs PASSED                [ 14%]
tests/test_contours.py::test_bitmap_pathwalk PASSED                      [ 28%]
tests/test_contours.py::test_bitmap_pathwalk_no_contours_on_blank PASSED [ 42%]
tests/test_svg_writer.py::test_contour_to_path_d FAILED                  [ 57%]
tests/test_svg_writer.py::test_tracer_end_to_end_circle PASSED           [ 71%]
tests/test_svg_writer.py::test_tracer_end_to_end_square PASSED           [ 85%]
tests/test_svg_writer.py::test_tracer_debug_mode_produces_json PASSED    [100%]

================================== FAILURES ===================================
___________________________ test_contour_to_path_d ____________________________

    def test_contour_to_path_d():
        """Legacy: yd_vector.svg_writer still produces well-formed path data."""
        import warnings
        with warnings.catch_warnings():
            warnings.simplefilter("ignore", DeprecationWarning)
            from yd_vector.models import ContourData
>           from yd_vector.svg_writer import _contour_to_path_d
E           ImportError: cannot import name '_contour_to_path_d' from 'yd_vector.svg_writer' (D:\Ai Projects\GitHub\First-Stage-SVG\yd_vector\svg_writer.py)

tests\test_svg_writer.py:17: ImportError
=========================== short test summary info ===========================
FAILED tests/test_svg_writer.py::test_contour_to_path_d - ImportError: cannot...
========================= 1 failed, 6 passed in 0.12s =========================
